../Core/Src/main.c:126:6:HAL_GPIO_EXTI_Callback	24	static,ignoring_inline_asm
../Core/Src/main.c:136:6:GPIO_EXTI13_IR_task	16	static
../Core/Src/main.c:147:6:HAL_UART_TxCpltCallback	24	static,ignoring_inline_asm
../Core/Src/main.c:158:6:UART2_TX_CPLT_IR_task	16	static
../Core/Src/main.c:168:6:HAL_I2C_MemRxCpltCallback	24	static,ignoring_inline_asm
../Core/Src/main.c:178:6:I2C_MemRx_Cplt_IR_task	16	static
../Core/Src/main.c:193:6:init_timers	8	static
../Core/Src/main.c:207:6:blue_button_pushed	16	static
../Core/Src/main.c:231:6:hts221_read	32	static
../Core/Src/main.c:240:6:hts221_read_IT	24	static
../Core/Src/main.c:249:6:hts221_write	32	static
../Core/Src/main.c:258:6:hts221_check_ID	16	static
../Core/Src/main.c:276:6:hts221_tmp_interpol_init	16	static
../Core/Src/main.c:299:6:hts221_hmd_interpol_init	16	static
../Core/Src/main.c:321:6:hts221_init	8	static
../Core/Src/main.c:332:6:hts221_data_read	8	static
../Core/Src/main.c:340:6:hts221_UART_data_tx	40	static
../Core/Src/main.c:376:6:hts221_data_Task	16	static
../Core/Src/main.c:399:5:main	16	static
../Core/Src/main.c:493:6:SystemClock_Config	96	static
../Core/Src/main.c:543:13:MX_I2C1_Init	8	static
../Core/Src/main.c:591:13:MX_TIM2_Init	48	static
../Core/Src/main.c:640:13:MX_TIM4_Init	48	static
../Core/Src/main.c:688:13:MX_USART2_UART_Init	8	static
../Core/Src/main.c:723:13:MX_GPIO_Init	48	static
../Core/Src/main.c:760:6:StartDefaultTask	16	static
../Core/Src/main.c:779:6:HAL_TIM_PeriodElapsedCallback	16	static
../Core/Src/main.c:799:6:Error_Handler	4	static,ignoring_inline_asm
